Table3 none: mvtec/bottle
[2026-05-15 08:11:43,773][main.py][line:703][INFO] log file: ./log/table3_hsakg_none/lan0.00_acn1/mvtec/n_bottle_a_0_s_111.txt
[2026-05-15 08:11:43,773][main.py][line:704][INFO] class: bottle
[2026-05-15 08:11:43,773][main.py][line:707][INFO] checkpoint dir: /hy-tmp/checkpoints/table3_hsakg_none/mvtec/bottle/seed_111
[2026-05-15 08:11:43,773][main.py][line:708][INFO] eval csv: /hy-tmp/checkpoints/table3_hsakg_none/mvtec/bottle/seed_111/eval_metrics.csv
[2026-05-15 08:11:43,773][main.py][line:1447][INFO] --------args----------
[2026-05-15 08:11:43,773][main.py][line:1449][INFO] dataset: mvtec
[2026-05-15 08:11:43,774][main.py][line:1449][INFO] batch_size: 16
[2026-05-15 08:11:43,774][main.py][line:1449][INFO] lr: 0.005
[2026-05-15 08:11:43,774][main.py][line:1449][INFO] epochs: 144
[2026-05-15 08:11:43,774][main.py][line:1449][INFO] img_size: 256
[2026-05-15 08:11:43,774][main.py][line:1449][INFO] normal: bottle
[2026-05-15 08:11:43,774][main.py][line:1449][INFO] seed: 111
[2026-05-15 08:11:43,774][main.py][line:1449][INFO] labeled_anomaly_class_num: 1
[2026-05-15 08:11:43,774][main.py][line:1449][INFO] labeled_anomaly_class: 0
[2026-05-15 08:11:43,774][main.py][line:1449][INFO] labeled_anomaly_ratio: 0.0
[2026-05-15 08:11:43,774][main.py][line:1449][INFO] log_dir: ./log
[2026-05-15 08:11:43,774][main.py][line:1449][INFO] exp_name: table3_hsakg_none
[2026-05-15 08:11:43,774][main.py][line:1449][INFO] ckpt_dir: /hy-tmp/checkpoints/
[2026-05-15 08:11:43,774][main.py][line:1449][INFO] save_best: True
[2026-05-15 08:11:43,774][main.py][line:1449][INFO] model: wide_resnet50_2
[2026-05-15 08:11:43,774][main.py][line:1449][INFO] eval_epoch: 8
[2026-05-15 08:11:43,774][main.py][line:1449][INFO] layer: [1, 2, 3]
[2026-05-15 08:11:43,774][main.py][line:1449][INFO] d_lr: 0.0001
[2026-05-15 08:11:43,774][main.py][line:1449][INFO] adv_conf: 0.02
[2026-05-15 08:11:43,774][main.py][line:1449][INFO] topk: 100
[2026-05-15 08:11:43,775][main.py][line:1449][INFO] eval_anomaly_map_source: rrs_cos
[2026-05-15 08:11:43,775][main.py][line:1449][INFO] recon_loss_type: combined
[2026-05-15 08:11:43,775][main.py][line:1449][INFO] loss_alpha: 1.0
[2026-05-15 08:11:43,775][main.py][line:1449][INFO] loss_beta: 0.0
[2026-05-15 08:11:43,775][main.py][line:1449][INFO] loss_gamma: 0.0
[2026-05-15 08:11:43,775][main.py][line:1449][INFO] use_rrs: True
[2026-05-15 08:11:43,775][main.py][line:1449][INFO] rrs_loss_weight: 1.0
[2026-05-15 08:11:43,775][main.py][line:1449][INFO] rrs_anomaly_samples: 20
[2026-05-15 08:11:43,775][main.py][line:1449][INFO] rrs_stop_grad: False
[2026-05-15 08:11:43,775][main.py][line:1449][INFO] rrs_lr: 0.001
[2026-05-15 08:11:43,775][main.py][line:1449][INFO] rrs_modes: ['max', 'mean']
[2026-05-15 08:11:43,775][main.py][line:1449][INFO] rrs_mode_numbers: None
[2026-05-15 08:11:43,775][main.py][line:1449][INFO] use_afs: True
[2026-05-15 08:11:43,775][main.py][line:1449][INFO] afs_select_planes: None
[2026-05-15 08:11:43,775][main.py][line:1449][INFO] afs_init_bsn: 50
[2026-05-15 08:11:43,775][main.py][line:1449][INFO] afs_warmup_update_epoch: 32
[2026-05-15 08:11:43,775][main.py][line:1449][INFO] afs_selection_strategy: anomaly
[2026-05-15 08:11:43,775][main.py][line:1449][INFO] disable_same: False
[2026-05-15 08:11:43,775][main.py][line:1449][INFO] use_synthetic_anomaly: False
[2026-05-15 08:11:43,775][main.py][line:1449][INFO] anomaly_ratio: 0.3
[2026-05-15 08:11:43,776][main.py][line:1449][INFO] anomaly_perturbation: noise
[2026-05-15 08:11:43,776][main.py][line:1449][INFO] anomaly_noise_std: 0.15
[2026-05-15 08:11:43,776][main.py][line:1449][INFO] anomaly_mix_noise: 1
[2026-05-15 08:11:43,776][main.py][line:1449][INFO] multi_scale_anomaly: False
[2026-05-15 08:11:43,776][main.py][line:1449][INFO] use_pixel_anomaly: False
[2026-05-15 08:11:43,776][main.py][line:1449][INFO] pixel_anomaly_mode: mixed
[2026-05-15 08:11:43,776][main.py][line:1449][INFO] pixel_anomaly_prob: 0.4
[2026-05-15 08:11:43,776][main.py][line:1449][INFO] perlin_anomaly_prob: 0.35
[2026-05-15 08:11:43,776][main.py][line:1449][INFO] anomaly_strategy: prob
[2026-05-15 08:11:43,776][main.py][line:1449][INFO] pixel_patchguard_prob: 0.5
[2026-05-15 08:11:43,776][main.py][line:1449][INFO] enable_enhancement: False
[2026-05-15 08:11:43,776][main.py][line:1449][INFO] pixel_cutpaste_prob: 0.3
[2026-05-15 08:11:43,776][main.py][line:1449][INFO] pixel_cutout_prob: 0.2
[2026-05-15 08:11:43,776][main.py][line:1449][INFO] pixel_max_attempts: 50
[2026-05-15 08:11:43,776][main.py][line:1450][INFO] --------args----------

[2026-05-15 08:11:43,829][main.py][line:718][INFO] device: cuda
Traceback (most recent call last):
  File "../main.py", line 1457, in <module>
    train(args)
  File "../main.py", line 727, in train
    return_foreground_mask=args.use_pixel_anomaly)
  File "/CKAAD/dataset/dataset.py", line 95, in __init__
    load_test_only=load_test_only)
  File "/CKAAD/dataset/dataset.py", line 127, in process_for_ood
    self.train_dataset, self.test_dataset = self.load_dataset(train=True), self.load_dataset(train=False)  # numpy数据
  File "/CKAAD/dataset/dataset.py", line 65, in load_dataset
    return_foreground_mask=self.return_foreground_mask)
  File "/CKAAD/dataset/mvtec.py", line 33, in __init__
    self.process_data()  
  File "/CKAAD/dataset/mvtec.py", line 62, in process_data
    self.img_paths, self.gt_paths, tot_types = self.get_initial_data()
  File "/CKAAD/dataset/mvtec.py", line 40, in get_initial_data
    defect_types = os.listdir(self.img_path)
FileNotFoundError: [Errno 2] No such file or directory: './data/mvtec/bottle/train'
